// Jest Snapshot v1, https://goo.gl/fbAQLP

exports[`Form UI should render 1`] = `
ShallowWrapper {
  "length": 1,
  Symbol(enzyme.__root__): [Circular],
  Symbol(enzyme.__unrendered__): <Form />,
  Symbol(enzyme.__renderer__): Object {
    "batchedUpdates": [Function],
    "getNode": [Function],
    "render": [Function],
    "simulateEvent": [Function],
    "unmount": [Function],
  },
  Symbol(enzyme.__node__): Object {
    "instance": null,
    "key": undefined,
    "nodeType": "host",
    "props": Object {
      "children": Array [
        <form
          onSubmit={[Function]}
        >
          <label>
            Enter Roman Numerals:
            <br />
            <input
              onChange={[Function]}
              type="text"
              value={undefined}
            />
          </label>
          <input
            type="submit"
            value="Submit"
          />
        </form>,
        <p>
           This equates to:
        </p>,
        <div>
          0
        </div>,
      ],
    },
    "ref": null,
    "rendered": Array [
      Object {
        "instance": null,
        "key": undefined,
        "nodeType": "host",
        "props": Object {
          "children": Array [
            <label>
              Enter Roman Numerals:
              <br />
              <input
                onChange={[Function]}
                type="text"
                value={undefined}
              />
            </label>,
            <input
              type="submit"
              value="Submit"
            />,
          ],
          "onSubmit": [Function],
        },
        "ref": null,
        "rendered": Array [
          Object {
            "instance": null,
            "key": undefined,
            "nodeType": "host",
            "props": Object {
              "children": Array [
                "Enter Roman Numerals:",
                <br />,
                <input
                  onChange={[Function]}
                  type="text"
                  value={undefined}
                />,
              ],
            },
            "ref": null,
            "rendered": Array [
              "Enter Roman Numerals:",
              Object {
                "instance": null,
                "key": undefined,
                "nodeType": "host",
                "props": Object {},
                "ref": null,
                "rendered": null,
                "type": "br",
              },
              Object {
                "instance": null,
                "key": undefined,
                "nodeType": "host",
                "props": Object {
                  "onChange": [Function],
                  "type": "text",
                  "value": undefined,
                },
                "ref": null,
                "rendered": null,
                "type": "input",
              },
            ],
            "type": "label",
          },
          Object {
            "instance": null,
            "key": undefined,
            "nodeType": "host",
            "props": Object {
              "type": "submit",
              "value": "Submit",
            },
            "ref": null,
            "rendered": null,
            "type": "input",
          },
        ],
        "type": "form",
      },
      Object {
        "instance": null,
        "key": undefined,
        "nodeType": "host",
        "props": Object {
          "children": " This equates to:",
        },
        "ref": null,
        "rendered": " This equates to:",
        "type": "p",
      },
      Object {
        "instance": null,
        "key": undefined,
        "nodeType": "host",
        "props": Object {
          "children": 0,
        },
        "ref": null,
        "rendered": 0,
        "type": "div",
      },
    ],
    "type": "div",
  },
  Symbol(enzyme.__nodes__): Array [
    Object {
      "instance": null,
      "key": undefined,
      "nodeType": "host",
      "props": Object {
        "children": Array [
          <form
            onSubmit={[Function]}
          >
            <label>
              Enter Roman Numerals:
              <br />
              <input
                onChange={[Function]}
                type="text"
                value={undefined}
              />
            </label>
            <input
              type="submit"
              value="Submit"
            />
          </form>,
          <p>
             This equates to:
          </p>,
          <div>
            0
          </div>,
        ],
      },
      "ref": null,
      "rendered": Array [
        Object {
          "instance": null,
          "key": undefined,
          "nodeType": "host",
          "props": Object {
            "children": Array [
              <label>
                Enter Roman Numerals:
                <br />
                <input
                  onChange={[Function]}
                  type="text"
                  value={undefined}
                />
              </label>,
              <input
                type="submit"
                value="Submit"
              />,
            ],
            "onSubmit": [Function],
          },
          "ref": null,
          "rendered": Array [
            Object {
              "instance": null,
              "key": undefined,
              "nodeType": "host",
              "props": Object {
                "children": Array [
                  "Enter Roman Numerals:",
                  <br />,
                  <input
                    onChange={[Function]}
                    type="text"
                    value={undefined}
                  />,
                ],
              },
              "ref": null,
              "rendered": Array [
                "Enter Roman Numerals:",
                Object {
                  "instance": null,
                  "key": undefined,
                  "nodeType": "host",
                  "props": Object {},
                  "ref": null,
                  "rendered": null,
                  "type": "br",
                },
                Object {
                  "instance": null,
                  "key": undefined,
                  "nodeType": "host",
                  "props": Object {
                    "onChange": [Function],
                    "type": "text",
                    "value": undefined,
                  },
                  "ref": null,
                  "rendered": null,
                  "type": "input",
                },
              ],
              "type": "label",
            },
            Object {
              "instance": null,
              "key": undefined,
              "nodeType": "host",
              "props": Object {
                "type": "submit",
                "value": "Submit",
              },
              "ref": null,
              "rendered": null,
              "type": "input",
            },
          ],
          "type": "form",
        },
        Object {
          "instance": null,
          "key": undefined,
          "nodeType": "host",
          "props": Object {
            "children": " This equates to:",
          },
          "ref": null,
          "rendered": " This equates to:",
          "type": "p",
        },
        Object {
          "instance": null,
          "key": undefined,
          "nodeType": "host",
          "props": Object {
            "children": 0,
          },
          "ref": null,
          "rendered": 0,
          "type": "div",
        },
      ],
      "type": "div",
    },
  ],
  Symbol(enzyme.__options__): Object {
    "adapter": ReactSixteenAdapter {
      "options": Object {
        "enableComponentDidUpdateOnSetState": true,
      },
    },
    "disableLifecycleMethods": true,
  },
}
`;
